00:00:05 **** Incremental Build of configuration Debug for project TP_Final ****
make -j4 all 
arm-none-eabi-size   TP_Final.elf 
   text	   data	    bss	    dec	    hex	filename
  14348	    220	   1708	  16276	   3f94	TP_Final.elf
Finished building: default.size.stdout
 
00:01:09 **** Incremental Build of configuration Debug for project TP_Final ****
make -j4 all 
arm-none-eabi-size   TP_Final.elf 
   text	   data	    bss	    dec	    hex	filename
  14348	    220	   1708	  16276	   3f94	TP_Final.elf
Finished building: default.size.stdout
 
